$ cargo fmt --check
$ cargo clippy --workspace --all-targets -- -D warnings
   Compiling unicode-ident v1.0.24
    Checking cfg-if v1.0.5
   Compiling siphasher v1.0.3
    Checking libc v0.2.189
    Checking memchr v2.8.3
   Compiling proc-macro2 v1.0.107
    Checking stable_deref_trait v1.2.1
    Checking serde_core v1.0.229
    Checking smallvec v1.16.1
   Compiling quote v1.0.47
   Compiling syn v3.0.6
   Compiling syn v2.0.119
    Checking once_cell v1.21.4
    Checking writeable v0.6.4
    Checking pin-project-lite v0.2.17
    Checking litemap v0.8.3
    Checking itoa v1.0.18
    Checking bitflags v2.13.2
   Compiling zerocopy v0.8.57
   Compiling getrandom v0.2.17
    Checking allocator-api2 v0.2.21
    Checking hashbrown v0.17.1
   Compiling rand_core v0.6.4
   Compiling synstructure v0.14.0
    Checking icu_locale_fallback_data v2.3.0
   Compiling phf_shared v0.13.1
    Checking utf8_iter v1.0.4
    Checking num-traits v0.2.19
    Checking icu_segmenter_data v2.3.0
   Compiling zerofrom-derive v0.1.8
   Compiling yoke-derive v0.8.4
   Compiling zerovec-derive v0.11.6
    Checking zerofrom v0.1.8
   Compiling displaydoc v0.2.7
   Compiling ppv-lite86 v0.2.21
    Checking yoke v0.8.3
   Compiling serde_derive v1.0.229
   Compiling rand_chacha v0.3.1
    Checking zerotrie v0.2.5
   Compiling thiserror-impl v2.0.20
    Checking zerovec v0.11.8
    Checking futures-core v0.3.34
    Checking static_assertions v1.1.0
   Compiling rand v0.8.8
    Checking crossbeam-utils v0.8.23
    Checking thiserror v2.0.20
   Compiling phf_shared v0.11.3
    Checking tinystr v0.8.4
    Checking potential_utf v0.1.6
    Checking icu_locale_core v2.3.0
    Checking rustc-hash v2.1.3
    Checking icu_collections v2.3.0
    Checking futures-sink v0.3.34
    Checking smawk v0.3.3
    Checking unicode-width v0.2.2
   Compiling phf_generator v0.11.3
    Checking castaway v0.2.4
   Compiling oxc-miette-derive v2.7.1
    Checking icu_provider v2.3.1
    Checking oxc_data_structures v0.130.0
    Checking unicode-segmentation v1.13.3
    Checking icu_locale_fallback v2.3.0
    Checking serde v1.0.229
    Checking owo-colors v4.4.0
    Checking icu_segmenter v2.3.0
    Checking ryu v1.0.23
    Checking textwrap v0.16.4
    Checking compact_str v0.9.1
    Checking oxc_allocator v0.130.0
   Compiling phf_generator v0.13.1
    Checking oxc-miette v2.7.1
   Compiling phf_codegen v0.11.3
    Checking futures-channel v0.3.34
   Compiling futures-macro v0.3.34
   Compiling phf v0.13.1
    Checking percent-encoding v2.3.2
    Checking futures-io v0.3.34
    Checking oxc_estree v0.130.0
    Checking slab v0.4.12
    Checking futures-task v0.3.34
    Checking oxc_str v0.130.0
   Compiling oxc_ast_macros v0.130.0
   Compiling phf_macros v0.13.1
   Compiling tracing-attributes v0.1.31
    Checking futures-util v0.3.34
   Compiling ref-cast-impl v1.0.27
    Checking tracing-core v0.1.36
    Checking errno v0.3.14
    Checking either v1.18.0
    Checking cow-utils v0.1.3
    Checking signal-hook-registry v1.4.8
    Checking tracing v0.1.44
   Compiling getopts v0.2.24
    Checking ref-cast v1.0.27
    Checking oxc_span v0.130.0
    Checking getrandom v0.4.3
    Checking zmij v1.0.23
   Compiling tokio-macros v2.7.2
    Checking num-integer v0.1.47
    Checking mio v1.2.3
    Checking nonmax v0.5.5
    Checking typenum v1.20.1
    Checking bytes v1.12.1
    Checking unicode-id-start v1.5.0
    Checking scopeguard v1.2.0
   Compiling log v0.4.34
    Checking generic-array v0.14.7
   Compiling unicode_names2_generator v1.3.0
    Checking tokio v1.53.1
    Checking futures-executor v0.3.34
    Checking lock_api v0.4.14
    Checking oxc_index v4.1.0
    Checking num-bigint v0.4.8
    Checking serde_json v1.0.151
    Checking dragonbox_ecma v0.1.12
    Checking parking_lot_core v0.9.12
    Checking oxc_diagnostics v0.130.0
    Checking unic-char-range v0.9.0
    Checking unic-common v0.9.0
    Checking linux-raw-sys v0.12.1
    Checking hashbrown v0.14.5
    Checking unic-char-property v0.9.0
    Checking rustix v1.1.5
   Compiling is-macro v0.3.8
    Checking unic-ucd-version v0.9.0
    Checking oxc_regular_expression v0.130.0
    Checking oxc_syntax v0.130.0
   Compiling unicode_names2 v1.3.0
    Checking crossbeam-epoch v0.9.21
   Compiling serde_derive_internals v0.29.1
    Checking rustpython-parser-vendored v0.4.0
    Checking borrow-or-share v0.2.4
    Checking rustc-hash v1.1.0
    Checking unicode-properties v0.1.4
    Checking equivalent v1.0.2
    Checking fluent-uri v0.4.1
    Checking ra-ap-rustc_lexer v0.166.0
    Checking indexmap v2.14.2
    Checking rustpython-parser-core v0.4.0
    Checking oxc_ast v0.130.0
    Checking crossbeam-deque v0.8.8
    Checking phf v0.11.3
   Compiling rustpython-parser v0.4.0
   Compiling schemars_derive v1.2.1
    Checking tokio-util v0.7.19
    Checking memoffset v0.9.1
    Checking crypto-common v0.1.7
    Checking block-buffer v0.10.4
    Checking futures v0.3.34
    Checking itertools v0.15.0
    Checking chrono v0.4.45
    Checking crossbeam-channel v0.5.17
    Checking winnow v0.7.15
    Checking winnow v1.0.4
    Checking drop_bomb v0.1.5
    Checking tower-layer v0.3.3
    Checking rustc-literal-escaper v0.0.7
    Checking text-size v1.1.1
    Checking dyn-clone v1.0.20
    Checking jod-thread v1.0.0
    Checking tower-service v0.3.3
    Checking countme v3.0.1
    Checking ra_ap_edition v0.0.349
    Checking sync_wrapper v1.0.2
    Checking rowan v0.17.0
    Checking tower v0.5.3
    Checking oxc_ecmascript v0.130.0
    Checking ra_ap_stdx v0.0.349
    Checking schemars v1.2.1
    Checking ra_ap_parser v0.0.349
    Checking toml_parser v1.1.3+spec-1.1.0
    Checking digest v0.10.7
    Checking rayon-core v1.13.0
    Checking rustpython-ast v0.4.0
    Checking ls-types v0.0.6
    Checking httparse v1.10.1
    Checking tokio-stream v0.1.19
    Checking unic-emoji-char v0.9.0
    Checking unic-ucd-ident v0.9.0
    Checking dashmap v6.2.1
    Checking uuid v1.26.0
    Checking itertools v0.11.0
    Checking serde_spanned v1.1.1
    Checking toml_datetime v1.1.1+spec-1.1.0
   Compiling ripr v0.11.0 (/workspace/issue7158-base/crates/ripr)
    Checking triomphe v0.1.16
    Checking lalrpop-util v0.20.2
    Checking cpufeatures v0.2.17
    Checking smol_str v0.3.6
    Checking toml_writer v1.1.2+spec-1.1.0
    Checking toml v1.1.6+spec-1.1.0
    Checking ra_ap_syntax v0.0.349
    Checking sha2 v0.10.9
    Checking oxc_parser v0.130.0
    Checking rmcp v3.5.0
    Checking rayon v1.12.0
    Checking fs2 v0.4.3
    Checking getrandom v0.3.4
    Checking rand_core v0.9.5
    Checking fastrand v2.5.0
    Checking tempfile v3.27.0
    Checking wait-timeout v0.2.1
    Checking fnv v1.0.7
    Checking quick-error v1.2.3
    Checking bit-vec v0.8.0
    Checking bit-set v0.8.0
    Checking rusty-fork v0.3.1
    Checking rand v0.9.5
    Checking rand_xorshift v0.4.0
    Checking parking_lot v0.12.5
   Compiling serial_test_derive v4.0.1
    Checking regex-syntax v0.8.11
    Checking tower-lsp-server v0.23.0
    Checking unarray v0.1.4
    Checking serial_test v4.0.1
    Checking simd-adler32 v0.3.10
    Checking rand_chacha v0.9.0
    Checking crc32fast v1.5.2
    Checking proptest v1.11.0
    Checking adler2 v2.0.1
    Checking miniz_oxide v0.9.1
    Checking bumpalo v3.20.3
    Checking zlib-rs v0.6.8
    Checking zopfli v0.8.3
    Checking xattr v1.6.1
    Checking filetime v0.2.29
    Checking flate2 v1.1.10
    Checking typed-path v0.12.3
    Checking tar v0.4.46
    Checking zip v8.6.0
