check-static-language: pass (target/ripr/reports/static-language.md)
Status: pass

Allowed findings:
- crates/ripr/src/analysis/mod.rs:1343:21 allowed by panic-0018 crates/ripr/src/analysis/mod.rs (unwrap) selector=method_call container=temp_dir callee=unwrap receiver=SystemTime::now() .duration_since(UNIX_EPOCH) text= snippet=
- crates/ripr/src/analysis/mod.rs:1348:9 allowed by panic-0019 crates/ripr/src/analysis/mod.rs (unwrap) selector=method_call container=temp_dir callee=unwrap receiver=fs::create_dir_all(&dir) text= snippet=
- crates/ripr/tests/cli_smoke.rs:18879:5 allowed by panic-0036 crates/ripr/tests/cli_smoke.rs (unwrap) selector=method_call container=run_ripr_with_env callee=unwrap receiver= text= snippet=
- crates/ripr/tests/cli_smoke.rs:19455:5 allowed by panic-0075 crates/ripr/tests/cli_smoke.rs (unwrap) selector=method_call container=check_mode_fast_alone_on_empty_range_names_compared_base_smoke callee=unwrap receiver=std::fs::create_dir_all(root.join("src")) text= snippet=
- crates/ripr/tests/cli_smoke.rs:19459:5 allowed by panic-0076 crates/ripr/tests/cli_smoke.rs (unwrap) selector=method_call container=check_mode_fast_alone_on_empty_range_names_compared_base_smoke callee=unwrap receiver=run_git(&root, &["init", "-b", "main"]) text= snippet=
- crates/ripr/tests/cli_smoke.rs:19460:5 allowed by panic-0077 crates/ripr/tests/cli_smoke.rs (unwrap) selector=method_call container=check_mode_fast_alone_on_empty_range_names_compared_base_smoke callee=unwrap receiver=run_git(&root, &["config", "user.email", "test@test.com"]) text= snippet=
- crates/ripr/tests/cli_smoke.rs:19461:5 allowed by panic-0078 crates/ripr/tests/cli_smoke.rs (unwrap) selector=method_call container=check_mode_fast_alone_on_empty_range_names_compared_base_smoke callee=unwrap receiver=run_git(&root, &["config", "user.name", "Test"]) text= snippet=
- crates/ripr/tests/cli_smoke.rs:19462:5 allowed by panic-0079 crates/ripr/tests/cli_smoke.rs (unwrap) selector=method_call container=check_mode_fast_alone_on_empty_range_names_compared_base_smoke callee=unwrap receiver=std::fs::write( root.join("src/lib.rs"), "pub fn add(a: i32, b: i32) -> i32 { a + b }\n", ) text= snippet=
- crates/ripr/tests/cli_smoke.rs:19467:5 allowed by panic-0080 crates/ripr/tests/cli_smoke.rs (unwrap) selector=method_call container=check_mode_fast_alone_on_empty_range_names_compared_base_smoke callee=unwrap receiver=std::fs::write( root.join("Cargo.toml"), "[package]\nname = \"mode-fast-fixture\"\nversion = \"0.1.0\"\nedition = \"2024\"\n", ) text= snippet=
- crates/ripr/tests/cli_smoke.rs:19472:5 allowed by panic-0081 crates/ripr/tests/cli_smoke.rs (unwrap) selector=method_call container=check_mode_fast_alone_on_empty_range_names_compared_base_smoke callee=unwrap receiver=run_git(&root, &["add", "."]) text= snippet=
- crates/ripr/tests/cli_smoke.rs:19473:5 allowed by panic-0082 crates/ripr/tests/cli_smoke.rs (unwrap) selector=method_call container=check_mode_fast_alone_on_empty_range_names_compared_base_smoke callee=unwrap receiver=run_git(&root, &["commit", "-m", "initial"]) text= snippet=
- crates/ripr/tests/cli_smoke.rs:19508:5 allowed by panic-0083 crates/ripr/tests/cli_smoke.rs (unwrap) selector=method_call container=check_bare_run_on_changed_files_shows_no_scope_disclosure_smoke callee=unwrap receiver=std::fs::create_dir_all(root.join("src")) text= snippet=
- crates/ripr/tests/cli_smoke.rs:19511:5 allowed by panic-0084 crates/ripr/tests/cli_smoke.rs (unwrap) selector=method_call container=check_bare_run_on_changed_files_shows_no_scope_disclosure_smoke callee=unwrap receiver=run_git(&root, &["init", "-b", "main"]) text= snippet=
- crates/ripr/tests/cli_smoke.rs:19512:5 allowed by panic-0085 crates/ripr/tests/cli_smoke.rs (unwrap) selector=method_call container=check_bare_run_on_changed_files_shows_no_scope_disclosure_smoke callee=unwrap receiver=run_git(&root, &["config", "user.email", "test@test.com"]) text= snippet=
- crates/ripr/tests/cli_smoke.rs:19513:5 allowed by panic-0086 crates/ripr/tests/cli_smoke.rs (unwrap) selector=method_call container=check_bare_run_on_changed_files_shows_no_scope_disclosure_smoke callee=unwrap receiver=run_git(&root, &["config", "user.name", "Test"]) text= snippet=
- crates/ripr/tests/cli_smoke.rs:19514:5 allowed by panic-0087 crates/ripr/tests/cli_smoke.rs (unwrap) selector=method_call container=check_bare_run_on_changed_files_shows_no_scope_disclosure_smoke callee=unwrap receiver=std::fs::write(root.join("src/lib.rs"), "pub const VALUE: u32 = 1;\n") text= snippet=
- crates/ripr/tests/cli_smoke.rs:19515:5 allowed by panic-0088 crates/ripr/tests/cli_smoke.rs (unwrap) selector=method_call container=check_bare_run_on_changed_files_shows_no_scope_disclosure_smoke callee=unwrap receiver=std::fs::write( root.join("Cargo.toml"), "[package]\nname = \"analyzed-empty-fixture\"\nversion = \"0.1.0\"\nedition = \"2024\"\n", ) text= snippet=
- crates/ripr/tests/cli_smoke.rs:19520:5 allowed by panic-0089 crates/ripr/tests/cli_smoke.rs (unwrap) selector=method_call container=check_bare_run_on_changed_files_shows_no_scope_disclosure_smoke callee=unwrap receiver=run_git(&root, &["add", "."]) text= snippet=
- crates/ripr/tests/cli_smoke.rs:19521:5 allowed by panic-0090 crates/ripr/tests/cli_smoke.rs (unwrap) selector=method_call container=check_bare_run_on_changed_files_shows_no_scope_disclosure_smoke callee=unwrap receiver=run_git(&root, &["commit", "-m", "base"]) text= snippet=
- crates/ripr/tests/cli_smoke.rs:19522:5 allowed by panic-0091 crates/ripr/tests/cli_smoke.rs (unwrap) selector=method_call container=check_bare_run_on_changed_files_shows_no_scope_disclosure_smoke callee=unwrap receiver=run_git(&root, &["checkout", "-b", "work"]) text= snippet=
- crates/ripr/tests/cli_smoke.rs:19523:5 allowed by panic-0092 crates/ripr/tests/cli_smoke.rs (unwrap) selector=method_call container=check_bare_run_on_changed_files_shows_no_scope_disclosure_smoke callee=unwrap receiver=std::fs::write(root.join("src/lib.rs"), "pub const VALUE: u32 = 2;\n") text= snippet=
- crates/ripr/tests/cli_smoke.rs:19524:5 allowed by panic-0093 crates/ripr/tests/cli_smoke.rs (unwrap) selector=method_call container=check_bare_run_on_changed_files_shows_no_scope_disclosure_smoke callee=unwrap receiver=run_git(&root, &["add", "src/lib.rs"]) text= snippet=
- crates/ripr/tests/cli_smoke.rs:19525:5 allowed by panic-0094 crates/ripr/tests/cli_smoke.rs (unwrap) selector=method_call container=check_bare_run_on_changed_files_shows_no_scope_disclosure_smoke callee=unwrap receiver=run_git(&root, &["commit", "-m", "edit"]) text= snippet=
- crates/ripr/tests/cli_smoke.rs:19736:5 allowed by panic-0042 crates/ripr/tests/cli_smoke.rs (unwrap) selector=method_call container=check_with_base_scope_does_not_show_no_scope_disclosure_smoke callee=unwrap receiver=std::fs::create_dir_all(root.join("src")) text= snippet=
- crates/ripr/tests/cli_smoke.rs:19737:5 allowed by panic-0043 crates/ripr/tests/cli_smoke.rs (unwrap) selector=method_call container=check_with_base_scope_does_not_show_no_scope_disclosure_smoke callee=unwrap receiver=run_git(&root, &["init"]) text= snippet=
- crates/ripr/tests/cli_smoke.rs:19738:5 allowed by panic-0044 crates/ripr/tests/cli_smoke.rs (unwrap) selector=method_call container=check_with_base_scope_does_not_show_no_scope_disclosure_smoke callee=unwrap receiver=run_git(&root, &["config", "user.email", "test@test.com"]) text= snippet=
- crates/ripr/tests/cli_smoke.rs:19739:5 allowed by panic-0045 crates/ripr/tests/cli_smoke.rs (unwrap) selector=method_call container=check_with_base_scope_does_not_show_no_scope_disclosure_smoke callee=unwrap receiver=run_git(&root, &["config", "user.name", "Test"]) text= snippet=
- crates/ripr/tests/cli_smoke.rs:19740:5 allowed by panic-0046 crates/ripr/tests/cli_smoke.rs (unwrap) selector=method_call container=check_with_base_scope_does_not_show_no_scope_disclosure_smoke callee=unwrap receiver=std::fs::write( root.join("src/lib.rs"), "pub fn add(a: i32, b: i32) -> i32 { a + b }\n", ) text= snippet=
- crates/ripr/tests/cli_smoke.rs:19745:5 allowed by panic-0047 crates/ripr/tests/cli_smoke.rs (unwrap) selector=method_call container=check_with_base_scope_does_not_show_no_scope_disclosure_smoke callee=unwrap receiver=std::fs::write( root.join("Cargo.toml"), "[package]\nname = \"no-scope-fixture\"\nversion = \"0.1.0\"\nedition = \"2024\"\n", ) text= snippet=
- crates/ripr/tests/cli_smoke.rs:19750:5 allowed by panic-0048 crates/ripr/tests/cli_smoke.rs (unwrap) selector=method_call container=check_with_base_scope_does_not_show_no_scope_disclosure_smoke callee=unwrap receiver=run_git(&root, &["add", "."]) text= snippet=
- crates/ripr/tests/cli_smoke.rs:19751:5 allowed by panic-0049 crates/ripr/tests/cli_smoke.rs (unwrap) selector=method_call container=check_with_base_scope_does_not_show_no_scope_disclosure_smoke callee=unwrap receiver=run_git(&root, &["commit", "-m", "initial"]) text= snippet=
- crates/ripr/tests/cli_smoke.rs:19754:18 allowed by panic-0050 crates/ripr/tests/cli_smoke.rs (unwrap) selector=method_call container=check_with_base_scope_does_not_show_no_scope_disclosure_smoke callee=unwrap receiver=std::process::Command::new(bin) .args(["check", "--root", &root_str, "--base", "HEAD"]) .output() text= snippet=
- crates/ripr/tests/cli_smoke.rs:19778:5 allowed by panic-0071 crates/ripr/tests/cli_smoke.rs (unwrap) selector=method_call container=check_base_head_with_uncommitted_edit_shows_unanalyzed_working_tree_disclosure callee=unwrap receiver=std::fs::create_dir_all(root.join("src")) text= snippet=
- crates/ripr/tests/cli_smoke.rs:19779:5 allowed by panic-0072 crates/ripr/tests/cli_smoke.rs (unwrap) selector=method_call container=check_base_head_with_uncommitted_edit_shows_unanalyzed_working_tree_disclosure callee=unwrap receiver=run_git(&root, &["init"]) text= snippet=
- crates/ripr/tests/cli_smoke.rs:19780:5 allowed by panic-0073 crates/ripr/tests/cli_smoke.rs (unwrap) selector=method_call container=check_base_head_with_uncommitted_edit_shows_unanalyzed_working_tree_disclosure callee=unwrap receiver=run_git(&root, &["config", "user.email", "test@test.com"]) text= snippet=
- crates/ripr/tests/cli_smoke.rs:19781:5 allowed by panic-0074 crates/ripr/tests/cli_smoke.rs (unwrap) selector=method_call container=check_base_head_with_uncommitted_edit_shows_unanalyzed_working_tree_disclosure callee=unwrap receiver=run_git(&root, &["config", "user.name", "Test"]) text= snippet=
- crates/ripr/tests/cli_smoke.rs:19782:5 allowed by panic-0055 crates/ripr/tests/cli_smoke.rs (unwrap) selector=method_call container=check_base_head_with_uncommitted_edit_shows_unanalyzed_working_tree_disclosure callee=unwrap receiver=std::fs::write( root.join("src/lib.rs"), "pub fn add(a: i32, b: i32) -> i32 { a + b }\n", ) text= snippet=
- crates/ripr/tests/cli_smoke.rs:19787:5 allowed by panic-0056 crates/ripr/tests/cli_smoke.rs (unwrap) selector=method_call container=check_base_head_with_uncommitted_edit_shows_unanalyzed_working_tree_disclosure callee=unwrap receiver=std::fs::write( root.join("Cargo.toml"), "[package]\nname = \"spec-0112-fixture\"\nversion = \"0.1.0\"\nedition = \"2024\"\n", ) text= snippet=
- crates/ripr/tests/cli_smoke.rs:19792:5 allowed by panic-0057 crates/ripr/tests/cli_smoke.rs (unwrap) selector=method_call container=check_base_head_with_uncommitted_edit_shows_unanalyzed_working_tree_disclosure callee=unwrap receiver=run_git(&root, &["add", "."]) text= snippet=
- crates/ripr/tests/cli_smoke.rs:19793:5 allowed by panic-0058 crates/ripr/tests/cli_smoke.rs (unwrap) selector=method_call container=check_base_head_with_uncommitted_edit_shows_unanalyzed_working_tree_disclosure callee=unwrap receiver=run_git(&root, &["commit", "-m", "initial"]) text= snippet=
- crates/ripr/tests/cli_smoke.rs:19796:5 allowed by panic-0059 crates/ripr/tests/cli_smoke.rs (unwrap) selector=method_call container=check_base_head_with_uncommitted_edit_shows_unanalyzed_working_tree_disclosure callee=unwrap receiver=std::fs::write( root.join("src/lib.rs"), "pub fn add(a: i32, b: i32) -> i32 { a + b + 1 }\n", ) text= snippet=
- crates/ripr/tests/cli_smoke.rs:20437:5 allowed by panic-0062 crates/ripr/tests/cli_smoke.rs (unwrap) selector=method_call container=check_base_head_with_clean_worktree_does_not_show_unanalyzed_working_tree_disclosure callee=unwrap receiver=std::fs::create_dir_all(root.join("src")) text= snippet=
- crates/ripr/tests/cli_smoke.rs:20438:5 allowed by panic-0063 crates/ripr/tests/cli_smoke.rs (unwrap) selector=method_call container=check_base_head_with_clean_worktree_does_not_show_unanalyzed_working_tree_disclosure callee=unwrap receiver=run_git(&root, &["init"]) text= snippet=
- crates/ripr/tests/cli_smoke.rs:20439:5 allowed by panic-0064 crates/ripr/tests/cli_smoke.rs (unwrap) selector=method_call container=check_base_head_with_clean_worktree_does_not_show_unanalyzed_working_tree_disclosure callee=unwrap receiver=run_git(&root, &["config", "user.email", "test@test.com"]) text= snippet=
- crates/ripr/tests/cli_smoke.rs:20440:5 allowed by panic-0065 crates/ripr/tests/cli_smoke.rs (unwrap) selector=method_call container=check_base_head_with_clean_worktree_does_not_show_unanalyzed_working_tree_disclosure callee=unwrap receiver=run_git(&root, &["config", "user.name", "Test"]) text= snippet=
- crates/ripr/tests/cli_smoke.rs:20441:5 allowed by panic-0066 crates/ripr/tests/cli_smoke.rs (unwrap) selector=method_call container=check_base_head_with_clean_worktree_does_not_show_unanalyzed_working_tree_disclosure callee=unwrap receiver=std::fs::write( root.join("src/lib.rs"), "pub fn add(a: i32, b: i32) -> i32 { a + b }\n", ) text= snippet=
- crates/ripr/tests/cli_smoke.rs:20446:5 allowed by panic-0067 crates/ripr/tests/cli_smoke.rs (unwrap) selector=method_call container=check_base_head_with_clean_worktree_does_not_show_unanalyzed_working_tree_disclosure callee=unwrap receiver=std::fs::write( root.join("Cargo.toml"), "[package]\nname = \"spec-0112-clean-fixture\"\nversion = \"0.1.0\"\nedition = \"2024\"\n", ) text= snippet=
- crates/ripr/tests/cli_smoke.rs:20451:5 allowed by panic-0068 crates/ripr/tests/cli_smoke.rs (unwrap) selector=method_call container=check_base_head_with_clean_worktree_does_not_show_unanalyzed_working_tree_disclosure callee=unwrap receiver=run_git(&root, &["add", "."]) text= snippet=
- crates/ripr/tests/cli_smoke.rs:20452:5 allowed by panic-0069 crates/ripr/tests/cli_smoke.rs (unwrap) selector=method_call container=check_base_head_with_clean_worktree_does_not_show_unanalyzed_working_tree_disclosure callee=unwrap receiver=run_git(&root, &["commit", "-m", "initial"]) text= snippet=
- crates/ripr/tests/cli_smoke.rs:20456:18 allowed by panic-0070 crates/ripr/tests/cli_smoke.rs (unwrap) selector=method_call container=check_base_head_with_clean_worktree_does_not_show_unanalyzed_working_tree_disclosure callee=unwrap receiver=std::process::Command::new(bin) .args(["check", "--root", &root_str, "--base", "HEAD", "--json"]) .output() text= snippet=
- crates/ripr/tests/cli_smoke.rs:558:5 allowed by panic-0029 crates/ripr/tests/cli_smoke.rs (unwrap) selector=method_call container=workspace_root callee=unwrap receiver=Path::new(env!("CARGO_MANIFEST_DIR")) .parent() .and_then(Path::parent) text= snippet=
- crates/ripr/tests/cli_smoke.rs:55:5 allowed by panic-0028 crates/ripr/tests/cli_smoke.rs (unwrap) selector=method_call container=run_ripr callee=unwrap receiver=Command::new(bin).args(args).output() text= snippet=
- xtask/src/no_panic/tests.rs:140:52 allowed by panic-0005 xtask/src/no_panic/tests.rs (unwrap) selector=method_call container=parse_no_panic_allowlist_toml_parses_valid_entries callee=unwrap receiver=root.join("allowlist.toml").to_str() text= snippet=
- xtask/src/no_panic/tests.rs:142:23 allowed by panic-0035 xtask/src/no_panic/tests.rs (unwrap) selector=method_call container=parse_no_panic_allowlist_toml_parses_valid_entries callee=unwrap receiver=result text= snippet=
- xtask/src/no_panic/tests.rs:1479:46 allowed by panic-0016 xtask/src/no_panic/tests.rs (unwrap) selector=method_call container=v0_1_entries_still_match_by_line_and_column callee=unwrap receiver= text= snippet=
- xtask/src/no_panic/tests.rs:1509:46 allowed by panic-0017 xtask/src/no_panic/tests.rs (unwrap) selector=method_call container=v0_2_missing_selector_and_missing_coordinates_fails_clearly callee=unwrap receiver= text= snippet=
- xtask/src/no_panic/tests.rs:165:52 allowed by panic-0006 xtask/src/no_panic/tests.rs (unwrap) selector=method_call container=parse_no_panic_allowlist_toml_requires_path callee=unwrap receiver= text= snippet=
- xtask/src/no_panic/tests.rs:183:52 allowed by panic-0007 xtask/src/no_panic/tests.rs (unwrap) selector=method_call container=parse_no_panic_allowlist_toml_requires_line callee=unwrap receiver= text= snippet=
- xtask/src/no_panic/tests.rs:201:52 allowed by panic-0008 xtask/src/no_panic/tests.rs (unwrap) selector=method_call container=parse_no_panic_allowlist_toml_requires_family callee=unwrap receiver= text= snippet=
- xtask/src/no_panic/tests.rs:223:52 allowed by panic-0009 xtask/src/no_panic/tests.rs (unwrap) selector=method_call container=parse_no_panic_allowlist_toml_requires_explanation callee=unwrap receiver= text= snippet=
- xtask/src/no_panic/tests.rs:247:52 allowed by panic-0010 xtask/src/no_panic/tests.rs (unwrap) selector=method_call container=parse_no_panic_allowlist_toml_rejects_unknown_fields callee=unwrap receiver= text= snippet=
- xtask/src/no_panic/tests.rs:278:52 allowed by panic-0011 xtask/src/no_panic/tests.rs (unwrap) selector=method_call container=parse_no_panic_allowlist_toml_rejects_duplicate_locations callee=unwrap receiver= text= snippet=
- xtask/src/no_panic/tests.rs:304:24 allowed by panic-0012 xtask/src/no_panic/tests.rs (unwrap) selector=method_call container=collect_panic_findings_finds_exact_locations callee=unwrap receiver= text= snippet=
- xtask/src/no_panic/tests.rs:754:46 allowed by panic-0015 xtask/src/no_panic/tests.rs (unwrap) selector=method_call container=v0_2_last_seen_drift_is_advisory_not_failure callee=unwrap receiver= text= snippet=
- xtask/src/tests.rs:243:17 allowed by panic-0001 xtask/src/tests.rs (unwrap) selector=method_call container=temp_dir callee=unwrap receiver=SystemTime::now() .duration_since(UNIX_EPOCH) text= snippet=
- xtask/src/tests.rs:248:5 allowed by panic-0030 xtask/src/tests.rs (unwrap) selector=method_call container=temp_dir callee=unwrap receiver=fs::create_dir_all(&dir) text= snippet=
- xtask/src/tests.rs:254:9 allowed by panic-0002 xtask/src/tests.rs (unwrap) selector=method_call container=write callee=unwrap receiver=fs::create_dir_all(parent) text= snippet=
- xtask/src/tests.rs:256:5 allowed by panic-0031 xtask/src/tests.rs (unwrap) selector=method_call container=write callee=unwrap receiver=fs::write(path, text) text= snippet=
- xtask/src/tests.rs:8247:15 allowed by panic-0032 xtask/src/tests.rs (unwrap) selector=method_call container=with_temp_cwd callee=unwrap receiver=std::env::current_dir() text= snippet=
- xtask/src/tests.rs:8249:5 allowed by panic-0033 xtask/src/tests.rs (unwrap) selector=method_call container=with_temp_cwd callee=unwrap receiver=std::env::set_current_dir(&root) text= snippet=
- xtask/src/tests.rs:8261:5 allowed by panic-0034 xtask/src/tests.rs (unwrap) selector=method_call container=with_temp_cwd callee=unwrap receiver=std::env::set_current_dir(old) text= snippet=
- xtask/src/tests.rs:8451:22 allowed by panic-0004 xtask/src/tests.rs (expect) selector=method_call container=test_intent_kind_round_trips_supported_values callee=expect receiver= text= snippet=

Advisory drift:
- allowed by semantic selector; last_seen changed from 11396:5 to crates/ripr/tests/cli_smoke.rs:18879:5 (panic-0036 crates/ripr/tests/cli_smoke.rs (unwrap) selector=method_call container=run_ripr_with_env callee=unwrap receiver= text= snippet=)
- allowed by semantic selector; last_seen changed from 11972:5 to crates/ripr/tests/cli_smoke.rs:19455:5 (panic-0075 crates/ripr/tests/cli_smoke.rs (unwrap) selector=method_call container=check_mode_fast_alone_on_empty_range_names_compared_base_smoke callee=unwrap receiver=std::fs::create_dir_all(root.join("src")) text= snippet=)
- allowed by semantic selector; last_seen changed from 11976:5 to crates/ripr/tests/cli_smoke.rs:19459:5 (panic-0076 crates/ripr/tests/cli_smoke.rs (unwrap) selector=method_call container=check_mode_fast_alone_on_empty_range_names_compared_base_smoke callee=unwrap receiver=run_git(&root, &["init", "-b", "main"]) text= snippet=)
- allowed by semantic selector; last_seen changed from 11977:5 to crates/ripr/tests/cli_smoke.rs:19460:5 (panic-0077 crates/ripr/tests/cli_smoke.rs (unwrap) selector=method_call container=check_mode_fast_alone_on_empty_range_names_compared_base_smoke callee=unwrap receiver=run_git(&root, &["config", "user.email", "test@test.com"]) text= snippet=)
- allowed by semantic selector; last_seen changed from 11978:5 to crates/ripr/tests/cli_smoke.rs:19461:5 (panic-0078 crates/ripr/tests/cli_smoke.rs (unwrap) selector=method_call container=check_mode_fast_alone_on_empty_range_names_compared_base_smoke callee=unwrap receiver=run_git(&root, &["config", "user.name", "Test"]) text= snippet=)
- allowed by semantic selector; last_seen changed from 11979:5 to crates/ripr/tests/cli_smoke.rs:19462:5 (panic-0079 crates/ripr/tests/cli_smoke.rs (unwrap) selector=method_call container=check_mode_fast_alone_on_empty_range_names_compared_base_smoke callee=unwrap receiver=std::fs::write( root.join("src/lib.rs"), "pub fn add(a: i32, b: i32) -> i32 { a + b }\n", ) text= snippet=)
- allowed by semantic selector; last_seen changed from 11984:5 to crates/ripr/tests/cli_smoke.rs:19467:5 (panic-0080 crates/ripr/tests/cli_smoke.rs (unwrap) selector=method_call container=check_mode_fast_alone_on_empty_range_names_compared_base_smoke callee=unwrap receiver=std::fs::write( root.join("Cargo.toml"), "[package]\nname = \"mode-fast-fixture\"\nversion = \"0.1.0\"\nedition = \"2024\"\n", ) text= snippet=)
- allowed by semantic selector; last_seen changed from 11989:5 to crates/ripr/tests/cli_smoke.rs:19472:5 (panic-0081 crates/ripr/tests/cli_smoke.rs (unwrap) selector=method_call container=check_mode_fast_alone_on_empty_range_names_compared_base_smoke callee=unwrap receiver=run_git(&root, &["add", "."]) text= snippet=)
- allowed by semantic selector; last_seen changed from 11990:5 to crates/ripr/tests/cli_smoke.rs:19473:5 (panic-0082 crates/ripr/tests/cli_smoke.rs (unwrap) selector=method_call container=check_mode_fast_alone_on_empty_range_names_compared_base_smoke callee=unwrap receiver=run_git(&root, &["commit", "-m", "initial"]) text= snippet=)
- allowed by semantic selector; last_seen changed from 12025:5 to crates/ripr/tests/cli_smoke.rs:19508:5 (panic-0083 crates/ripr/tests/cli_smoke.rs (unwrap) selector=method_call container=check_bare_run_on_changed_files_shows_no_scope_disclosure_smoke callee=unwrap receiver=std::fs::create_dir_all(root.join("src")) text= snippet=)
- allowed by semantic selector; last_seen changed from 12028:5 to crates/ripr/tests/cli_smoke.rs:19511:5 (panic-0084 crates/ripr/tests/cli_smoke.rs (unwrap) selector=method_call container=check_bare_run_on_changed_files_shows_no_scope_disclosure_smoke callee=unwrap receiver=run_git(&root, &["init", "-b", "main"]) text= snippet=)
- allowed by semantic selector; last_seen changed from 12029:5 to crates/ripr/tests/cli_smoke.rs:19512:5 (panic-0085 crates/ripr/tests/cli_smoke.rs (unwrap) selector=method_call container=check_bare_run_on_changed_files_shows_no_scope_disclosure_smoke callee=unwrap receiver=run_git(&root, &["config", "user.email", "test@test.com"]) text= snippet=)
- allowed by semantic selector; last_seen changed from 12030:5 to crates/ripr/tests/cli_smoke.rs:19513:5 (panic-0086 crates/ripr/tests/cli_smoke.rs (unwrap) selector=method_call container=check_bare_run_on_changed_files_shows_no_scope_disclosure_smoke callee=unwrap receiver=run_git(&root, &["config", "user.name", "Test"]) text= snippet=)
- allowed by semantic selector; last_seen changed from 12031:5 to crates/ripr/tests/cli_smoke.rs:19514:5 (panic-0087 crates/ripr/tests/cli_smoke.rs (unwrap) selector=method_call container=check_bare_run_on_changed_files_shows_no_scope_disclosure_smoke callee=unwrap receiver=std::fs::write(root.join("src/lib.rs"), "pub const VALUE: u32 = 1;\n") text= snippet=)
- allowed by semantic selector; last_seen changed from 12032:5 to crates/ripr/tests/cli_smoke.rs:19515:5 (panic-0088 crates/ripr/tests/cli_smoke.rs (unwrap) selector=method_call container=check_bare_run_on_changed_files_shows_no_scope_disclosure_smoke callee=unwrap receiver=std::fs::write( root.join("Cargo.toml"), "[package]\nname = \"analyzed-empty-fixture\"\nversion = \"0.1.0\"\nedition = \"2024\"\n", ) text= snippet=)
- allowed by semantic selector; last_seen changed from 12037:5 to crates/ripr/tests/cli_smoke.rs:19520:5 (panic-0089 crates/ripr/tests/cli_smoke.rs (unwrap) selector=method_call container=check_bare_run_on_changed_files_shows_no_scope_disclosure_smoke callee=unwrap receiver=run_git(&root, &["add", "."]) text= snippet=)
- allowed by semantic selector; last_seen changed from 12038:5 to crates/ripr/tests/cli_smoke.rs:19521:5 (panic-0090 crates/ripr/tests/cli_smoke.rs (unwrap) selector=method_call container=check_bare_run_on_changed_files_shows_no_scope_disclosure_smoke callee=unwrap receiver=run_git(&root, &["commit", "-m", "base"]) text= snippet=)
- allowed by semantic selector; last_seen changed from 12039:5 to crates/ripr/tests/cli_smoke.rs:19522:5 (panic-0091 crates/ripr/tests/cli_smoke.rs (unwrap) selector=method_call container=check_bare_run_on_changed_files_shows_no_scope_disclosure_smoke callee=unwrap receiver=run_git(&root, &["checkout", "-b", "work"]) text= snippet=)
- allowed by semantic selector; last_seen changed from 12040:5 to crates/ripr/tests/cli_smoke.rs:19523:5 (panic-0092 crates/ripr/tests/cli_smoke.rs (unwrap) selector=method_call container=check_bare_run_on_changed_files_shows_no_scope_disclosure_smoke callee=unwrap receiver=std::fs::write(root.join("src/lib.rs"), "pub const VALUE: u32 = 2;\n") text= snippet=)
- allowed by semantic selector; last_seen changed from 12041:5 to crates/ripr/tests/cli_smoke.rs:19524:5 (panic-0093 crates/ripr/tests/cli_smoke.rs (unwrap) selector=method_call container=check_bare_run_on_changed_files_shows_no_scope_disclosure_smoke callee=unwrap receiver=run_git(&root, &["add", "src/lib.rs"]) text= snippet=)
- allowed by semantic selector; last_seen changed from 12042:5 to crates/ripr/tests/cli_smoke.rs:19525:5 (panic-0094 crates/ripr/tests/cli_smoke.rs (unwrap) selector=method_call container=check_bare_run_on_changed_files_shows_no_scope_disclosure_smoke callee=unwrap receiver=run_git(&root, &["commit", "-m", "edit"]) text= snippet=)
- allowed by semantic selector; last_seen changed from 12253:5 to crates/ripr/tests/cli_smoke.rs:19736:5 (panic-0042 crates/ripr/tests/cli_smoke.rs (unwrap) selector=method_call container=check_with_base_scope_does_not_show_no_scope_disclosure_smoke callee=unwrap receiver=std::fs::create_dir_all(root.join("src")) text= snippet=)
- allowed by semantic selector; last_seen changed from 12254:5 to crates/ripr/tests/cli_smoke.rs:19737:5 (panic-0043 crates/ripr/tests/cli_smoke.rs (unwrap) selector=method_call container=check_with_base_scope_does_not_show_no_scope_disclosure_smoke callee=unwrap receiver=run_git(&root, &["init"]) text= snippet=)
- allowed by semantic selector; last_seen changed from 12255:5 to crates/ripr/tests/cli_smoke.rs:19738:5 (panic-0044 crates/ripr/tests/cli_smoke.rs (unwrap) selector=method_call container=check_with_base_scope_does_not_show_no_scope_disclosure_smoke callee=unwrap receiver=run_git(&root, &["config", "user.email", "test@test.com"]) text= snippet=)
- allowed by semantic selector; last_seen changed from 12256:5 to crates/ripr/tests/cli_smoke.rs:19739:5 (panic-0045 crates/ripr/tests/cli_smoke.rs (unwrap) selector=method_call container=check_with_base_scope_does_not_show_no_scope_disclosure_smoke callee=unwrap receiver=run_git(&root, &["config", "user.name", "Test"]) text= snippet=)
- allowed by semantic selector; last_seen changed from 12257:5 to crates/ripr/tests/cli_smoke.rs:19740:5 (panic-0046 crates/ripr/tests/cli_smoke.rs (unwrap) selector=method_call container=check_with_base_scope_does_not_show_no_scope_disclosure_smoke callee=unwrap receiver=std::fs::write( root.join("src/lib.rs"), "pub fn add(a: i32, b: i32) -> i32 { a + b }\n", ) text= snippet=)
- allowed by semantic selector; last_seen changed from 12262:5 to crates/ripr/tests/cli_smoke.rs:19745:5 (panic-0047 crates/ripr/tests/cli_smoke.rs (unwrap) selector=method_call container=check_with_base_scope_does_not_show_no_scope_disclosure_smoke callee=unwrap receiver=std::fs::write( root.join("Cargo.toml"), "[package]\nname = \"no-scope-fixture\"\nversion = \"0.1.0\"\nedition = \"2024\"\n", ) text= snippet=)
- allowed by semantic selector; last_seen changed from 12267:5 to crates/ripr/tests/cli_smoke.rs:19750:5 (panic-0048 crates/ripr/tests/cli_smoke.rs (unwrap) selector=method_call container=check_with_base_scope_does_not_show_no_scope_disclosure_smoke callee=unwrap receiver=run_git(&root, &["add", "."]) text= snippet=)
- allowed by semantic selector; last_seen changed from 12268:5 to crates/ripr/tests/cli_smoke.rs:19751:5 (panic-0049 crates/ripr/tests/cli_smoke.rs (unwrap) selector=method_call container=check_with_base_scope_does_not_show_no_scope_disclosure_smoke callee=unwrap receiver=run_git(&root, &["commit", "-m", "initial"]) text= snippet=)
- allowed by semantic selector; last_seen changed from 12271:18 to crates/ripr/tests/cli_smoke.rs:19754:18 (panic-0050 crates/ripr/tests/cli_smoke.rs (unwrap) selector=method_call container=check_with_base_scope_does_not_show_no_scope_disclosure_smoke callee=unwrap receiver=std::process::Command::new(bin) .args(["check", "--root", &root_str, "--base", "HEAD"]) .output() text= snippet=)
- allowed by semantic selector; last_seen changed from 12293:5 to crates/ripr/tests/cli_smoke.rs:19778:5 (panic-0071 crates/ripr/tests/cli_smoke.rs (unwrap) selector=method_call container=check_base_head_with_uncommitted_edit_shows_unanalyzed_working_tree_disclosure callee=unwrap receiver=std::fs::create_dir_all(root.join("src")) text= snippet=)
- allowed by semantic selector; last_seen changed from 12294:5 to crates/ripr/tests/cli_smoke.rs:19779:5 (panic-0072 crates/ripr/tests/cli_smoke.rs (unwrap) selector=method_call container=check_base_head_with_uncommitted_edit_shows_unanalyzed_working_tree_disclosure callee=unwrap receiver=run_git(&root, &["init"]) text= snippet=)
- allowed by semantic selector; last_seen changed from 12295:5 to crates/ripr/tests/cli_smoke.rs:19780:5 (panic-0073 crates/ripr/tests/cli_smoke.rs (unwrap) selector=method_call container=check_base_head_with_uncommitted_edit_shows_unanalyzed_working_tree_disclosure callee=unwrap receiver=run_git(&root, &["config", "user.email", "test@test.com"]) text= snippet=)
- allowed by semantic selector; last_seen changed from 12296:5 to crates/ripr/tests/cli_smoke.rs:19781:5 (panic-0074 crates/ripr/tests/cli_smoke.rs (unwrap) selector=method_call container=check_base_head_with_uncommitted_edit_shows_unanalyzed_working_tree_disclosure callee=unwrap receiver=run_git(&root, &["config", "user.name", "Test"]) text= snippet=)
- allowed by semantic selector; last_seen changed from 12297:5 to crates/ripr/tests/cli_smoke.rs:19782:5 (panic-0055 crates/ripr/tests/cli_smoke.rs (unwrap) selector=method_call container=check_base_head_with_uncommitted_edit_shows_unanalyzed_working_tree_disclosure callee=unwrap receiver=std::fs::write( root.join("src/lib.rs"), "pub fn add(a: i32, b: i32) -> i32 { a + b }\n", ) text= snippet=)
- allowed by semantic selector; last_seen changed from 12302:5 to crates/ripr/tests/cli_smoke.rs:19787:5 (panic-0056 crates/ripr/tests/cli_smoke.rs (unwrap) selector=method_call container=check_base_head_with_uncommitted_edit_shows_unanalyzed_working_tree_disclosure callee=unwrap receiver=std::fs::write( root.join("Cargo.toml"), "[package]\nname = \"spec-0112-fixture\"\nversion = \"0.1.0\"\nedition = \"2024\"\n", ) text= snippet=)
- allowed by semantic selector; last_seen changed from 12307:5 to crates/ripr/tests/cli_smoke.rs:19792:5 (panic-0057 crates/ripr/tests/cli_smoke.rs (unwrap) selector=method_call container=check_base_head_with_uncommitted_edit_shows_unanalyzed_working_tree_disclosure callee=unwrap receiver=run_git(&root, &["add", "."]) text= snippet=)
- allowed by semantic selector; last_seen changed from 12308:5 to crates/ripr/tests/cli_smoke.rs:19793:5 (panic-0058 crates/ripr/tests/cli_smoke.rs (unwrap) selector=method_call container=check_base_head_with_uncommitted_edit_shows_unanalyzed_working_tree_disclosure callee=unwrap receiver=run_git(&root, &["commit", "-m", "initial"]) text= snippet=)
- allowed by semantic selector; last_seen changed from 12311:5 to crates/ripr/tests/cli_smoke.rs:19796:5 (panic-0059 crates/ripr/tests/cli_smoke.rs (unwrap) selector=method_call container=check_base_head_with_uncommitted_edit_shows_unanalyzed_working_tree_disclosure callee=unwrap receiver=std::fs::write( root.join("src/lib.rs"), "pub fn add(a: i32, b: i32) -> i32 { a + b + 1 }\n", ) text= snippet=)
- allowed by semantic selector; last_seen changed from 12487:5 to crates/ripr/tests/cli_smoke.rs:20437:5 (panic-0062 crates/ripr/tests/cli_smoke.rs (unwrap) selector=method_call container=check_base_head_with_clean_worktree_does_not_show_unanalyzed_working_tree_disclosure callee=unwrap receiver=std::fs::create_dir_all(root.join("src")) text= snippet=)
- allowed by semantic selector; last_seen changed from 12488:5 to crates/ripr/tests/cli_smoke.rs:20438:5 (panic-0063 crates/ripr/tests/cli_smoke.rs (unwrap) selector=method_call container=check_base_head_with_clean_worktree_does_not_show_unanalyzed_working_tree_disclosure callee=unwrap receiver=run_git(&root, &["init"]) text= snippet=)
- allowed by semantic selector; last_seen changed from 12489:5 to crates/ripr/tests/cli_smoke.rs:20439:5 (panic-0064 crates/ripr/tests/cli_smoke.rs (unwrap) selector=method_call container=check_base_head_with_clean_worktree_does_not_show_unanalyzed_working_tree_disclosure callee=unwrap receiver=run_git(&root, &["config", "user.email", "test@test.com"]) text= snippet=)
- allowed by semantic selector; last_seen changed from 12490:5 to crates/ripr/tests/cli_smoke.rs:20440:5 (panic-0065 crates/ripr/tests/cli_smoke.rs (unwrap) selector=method_call container=check_base_head_with_clean_worktree_does_not_show_unanalyzed_working_tree_disclosure callee=unwrap receiver=run_git(&root, &["config", "user.name", "Test"]) text= snippet=)
- allowed by semantic selector; last_seen changed from 12491:5 to crates/ripr/tests/cli_smoke.rs:20441:5 (panic-0066 crates/ripr/tests/cli_smoke.rs (unwrap) selector=method_call container=check_base_head_with_clean_worktree_does_not_show_unanalyzed_working_tree_disclosure callee=unwrap receiver=std::fs::write( root.join("src/lib.rs"), "pub fn add(a: i32, b: i32) -> i32 { a + b }\n", ) text= snippet=)
- allowed by semantic selector; last_seen changed from 12496:5 to crates/ripr/tests/cli_smoke.rs:20446:5 (panic-0067 crates/ripr/tests/cli_smoke.rs (unwrap) selector=method_call container=check_base_head_with_clean_worktree_does_not_show_unanalyzed_working_tree_disclosure callee=unwrap receiver=std::fs::write( root.join("Cargo.toml"), "[package]\nname = \"spec-0112-clean-fixture\"\nversion = \"0.1.0\"\nedition = \"2024\"\n", ) text= snippet=)
- allowed by semantic selector; last_seen changed from 12501:5 to crates/ripr/tests/cli_smoke.rs:20451:5 (panic-0068 crates/ripr/tests/cli_smoke.rs (unwrap) selector=method_call container=check_base_head_with_clean_worktree_does_not_show_unanalyzed_working_tree_disclosure callee=unwrap receiver=run_git(&root, &["add", "."]) text= snippet=)
- allowed by semantic selector; last_seen changed from 12502:5 to crates/ripr/tests/cli_smoke.rs:20452:5 (panic-0069 crates/ripr/tests/cli_smoke.rs (unwrap) selector=method_call container=check_base_head_with_clean_worktree_does_not_show_unanalyzed_working_tree_disclosure callee=unwrap receiver=run_git(&root, &["commit", "-m", "initial"]) text= snippet=)
- allowed by semantic selector; last_seen changed from 12506:18 to crates/ripr/tests/cli_smoke.rs:20456:18 (panic-0070 crates/ripr/tests/cli_smoke.rs (unwrap) selector=method_call container=check_base_head_with_clean_worktree_does_not_show_unanalyzed_working_tree_disclosure callee=unwrap receiver=std::process::Command::new(bin) .args(["check", "--root", &root_str, "--base", "HEAD", "--json"]) .output() text= snippet=)
- allowed by semantic selector; last_seen changed from 227:5 to crates/ripr/tests/cli_smoke.rs:558:5 (panic-0029 crates/ripr/tests/cli_smoke.rs (unwrap) selector=method_call container=workspace_root callee=unwrap receiver=Path::new(env!("CARGO_MANIFEST_DIR")) .parent() .and_then(Path::parent) text= snippet=)
- allowed by semantic selector; last_seen changed from 24:5 to crates/ripr/tests/cli_smoke.rs:55:5 (panic-0028 crates/ripr/tests/cli_smoke.rs (unwrap) selector=method_call container=run_ripr callee=unwrap receiver=Command::new(bin).args(args).output() text= snippet=)
- allowed by semantic selector; last_seen changed from 966:21 to crates/ripr/src/analysis/mod.rs:1343:21 (panic-0018 crates/ripr/src/analysis/mod.rs (unwrap) selector=method_call container=temp_dir callee=unwrap receiver=SystemTime::now() .duration_since(UNIX_EPOCH) text= snippet=)
- allowed by semantic selector; last_seen changed from 971:9 to crates/ripr/src/analysis/mod.rs:1348:9 (panic-0019 crates/ripr/src/analysis/mod.rs (unwrap) selector=method_call container=temp_dir callee=unwrap receiver=fs::create_dir_all(&dir) text= snippet=)

Stale entries:
- none

Unallowed findings:
- none

Warnings:
- none

check-no-panic-family: pass (target/ripr/reports/no-panic-family.md)
