   Compiling typenum v1.20.1
   Compiling cpufeatures v0.2.17
   Compiling ripr v0.11.0 (/workspace/ripr-swarm/crates/ripr)
   Compiling generic-array v0.14.7
   Compiling crypto-common v0.1.7
   Compiling block-buffer v0.10.4
   Compiling digest v0.10.7
   Compiling sha2 v0.10.9
   Compiling repo-policy v0.1.0 (/workspace/ripr-swarm/tools/repo-policy)
    Checking xtask v0.1.0 (/workspace/ripr-swarm/xtask)
warning: unused import: `repo_policy::ci_scratch::*`
 --> xtask/src/policy/ci_scratch.rs:1:16
  |
1 | pub(crate) use repo_policy::ci_scratch::*;
  |                ^^^^^^^^^^^^^^^^^^^^^^^^^^
  |
  = note: `#[warn(unused_imports)]` (part of `#[warn(unused)]`) on by default

warning: unused import: `validate_assistant_loop_health_fixture_corpus`
   --> xtask/src/main.rs:230:5
    |
230 |     validate_assistant_loop_health_fixture_corpus,
    |     ^^^^^^^^^^^^^^^^^^^^^^^^^^^^^^^^^^^^^^^^^^^^^

error[E0432]: unresolved imports `super::RoutedRustEventRoute`, `super::routed_rust_event_route`, `super::routed_rust_workflow_contract_violations`
   --> xtask/src/tests.rs:83:70
    |
 83 |     ReportIndexRepoOpsArtifact, RiprSwarmReadinessNextActionSources, RoutedRustEventRoute,
    |                                                                      ^^^^^^^^^^^^^^^^^^^^ no `RoutedRustEventRoute` in the root
...
198 |     routed_rust_event_route, routed_rust_ready_event_contract_violations,
    |     ^^^^^^^^^^^^^^^^^^^^^^^ no `routed_rust_event_route` in the root
199 |     routed_rust_workflow_contract_violations,
    |     ^^^^^^^^^^^^^^^^^^^^^^^^^^^^^^^^^^^^^^^^ no `routed_rust_workflow_contract_violations` in the root
    |
help: a similar name exists in the module
    |
199 |     routed_rust_workflow_contract_violations_for_repo,
    |                                             +++++++++

warning: `xtask` (bin "xtask") generated 2 warnings (run `cargo fix --bin "xtask" -p xtask` to apply 2 suggestions)
For more information about this error, try `rustc --explain E0432`.
warning: `xtask` (bin "xtask" test) generated 2 warnings (2 duplicates)
error: could not compile `xtask` (bin "xtask" test) due to 1 previous error; 2 warnings emitted
