   Compiling unicode-ident v1.0.24
   Compiling proc-macro2 v1.0.107
   Compiling quote v1.0.47
   Compiling siphasher v1.0.3
   Compiling serde_core v1.0.229
   Compiling syn v3.0.6
   Compiling syn v2.0.119
   Compiling synstructure v0.14.0
   Compiling memchr v2.8.3
   Compiling zerofrom-derive v0.1.8
   Compiling yoke-derive v0.8.4
   Compiling zerofrom v0.1.8
   Compiling stable_deref_trait v1.2.1
   Compiling yoke v0.8.3
   Compiling zerovec-derive v0.11.6
   Compiling autocfg v1.5.1
   Compiling zerovec v0.11.8
   Compiling displaydoc v0.2.7
   Compiling libc v0.2.189
   Compiling writeable v0.6.4
   Compiling unicode-width v0.2.2
   Compiling smallvec v1.16.1
   Compiling zerocopy v0.8.57
   Compiling tinystr v0.8.4
   Compiling icu_locale_fallback_data v2.3.0
   Compiling litemap v0.8.3
   Compiling icu_locale_core v2.3.0
   Compiling getrandom v0.2.17
   Compiling zerotrie v0.2.5
   Compiling potential_utf v0.1.6
   Compiling icu_segmenter_data v2.3.0
   Compiling serde v1.0.229
   Compiling allocator-api2 v0.2.21
   Compiling pin-project-lite v0.2.17
   Compiling once_cell v1.21.4
   Compiling ppv-lite86 v0.2.21
   Compiling hashbrown v0.17.1
   Compiling icu_provider v2.3.1
   Compiling rand_core v0.6.4
   Compiling num-traits v0.2.19
   Compiling serde_derive v1.0.229
   Compiling phf_shared v0.13.1
   Compiling rustversion v1.0.23
   Compiling thiserror v2.0.20
   Compiling crossbeam-utils v0.8.23
   Compiling utf8_iter v1.0.4
   Compiling icu_collections v2.3.0
   Compiling rand_chacha v0.3.1
   Compiling icu_locale_fallback v2.3.0
   Compiling thiserror-impl v2.0.20
   Compiling static_assertions v1.1.0
   Compiling bitflags v2.13.2
   Compiling icu_segmenter v2.3.0
   Compiling rand v0.8.8
   Compiling phf_shared v0.11.3
   Compiling rustc-hash v2.1.3
   Compiling smawk v0.3.3
   Compiling textwrap v0.16.4
   Compiling phf_generator v0.11.3
   Compiling castaway v0.2.4
   Compiling oxc-miette-derive v2.7.1
   Compiling futures-core v0.3.34
   Compiling owo-colors v4.4.0
   Compiling futures-sink v0.3.34
   Compiling ryu v1.0.23
   Compiling oxc_data_structures v0.130.0
   Compiling unicode-segmentation v1.13.3
   Compiling fastrand v2.5.0
   Compiling phf_generator v0.13.1
   Compiling oxc_allocator v0.130.0
   Compiling oxc-miette v2.7.1
   Compiling compact_str v0.9.1
   Compiling phf_codegen v0.11.3
   Compiling phf v0.13.1
   Compiling oxc_estree v0.130.0
   Compiling percent-encoding v2.3.2
   Compiling log v0.4.34
   Compiling serde_json v1.0.151
   Compiling ref-cast v1.0.27
   Compiling oxc_str v0.130.0
   Compiling oxc_ast_macros v0.130.0
   Compiling phf_macros v0.13.1
   Compiling futures-channel v0.3.34
   Compiling tracing-core v0.1.36
   Compiling ref-cast-impl v1.0.27
   Compiling futures-macro v0.3.34
   Compiling tracing-attributes v0.1.31
   Compiling dragonbox_ecma v0.1.12
   Compiling cow-utils v0.1.3
   Compiling slab v0.4.12
   Compiling futures-io v0.3.34
   Compiling crunchy v0.2.4
   Compiling either v1.18.0
   Compiling futures-task v0.3.34
   Compiling tracing v0.1.44
   Compiling futures-util v0.3.34
   Compiling oxc_span v0.130.0
   Compiling num-integer v0.1.47
   Compiling getopts v0.2.24
   Compiling anyhow v1.0.104
   Compiling unicode-id-start v1.5.0
   Compiling nonmax v0.5.5
   Compiling tiny-keccak v2.0.2
   Compiling crossbeam-epoch v0.9.21
   Compiling oxc_index v4.1.0
   Compiling unicode_names2_generator v1.3.0
   Compiling num-bigint v0.4.8
   Compiling oxc_diagnostics v0.130.0
   Compiling memoffset v0.9.1
   Compiling tokio-macros v2.7.2
   Compiling unic-common v0.9.0
   Compiling unic-char-range v0.9.0
   Compiling bytes v1.12.1
   Compiling parking_lot_core v0.9.12
   Compiling hashbrown v0.14.5
   Compiling crc32fast v1.5.2
   Compiling crossbeam-deque v0.8.8
   Compiling getrandom v0.4.3
   Compiling heck v0.5.0
   Compiling tokio v1.53.1
   Compiling is-macro v0.3.8
   Compiling unic-char-property v0.9.0
   Compiling unic-ucd-version v0.9.0
   Compiling oxc_regular_expression v0.130.0
   Compiling oxc_syntax v0.130.0
   Compiling unicode_names2 v1.3.0
   Compiling futures-executor v0.3.34
   Compiling rustpython-parser-vendored v0.4.0
   Compiling serde_derive_internals v0.29.1
   Compiling unicode-properties v0.1.4
   Compiling httparse v1.10.1
   Compiling rustix v1.1.5
   Compiling simd-adler32 v0.3.10
   Compiling equivalent v1.0.2
   Compiling scopeguard v1.2.0
   Compiling rayon-core v1.13.0
   Compiling rustc-hash v1.1.0
   Compiling borrow-or-share v0.2.4
   Compiling lock_api v0.4.14
   Compiling fluent-uri v0.4.1
   Compiling indexmap v2.14.2
   Compiling schemars_derive v1.2.1
   Compiling ra-ap-rustc_lexer v0.166.0
   Compiling phf v0.11.3
   Compiling rustpython-parser-core v0.4.0
   Compiling futures v0.3.34
   Compiling rustpython-parser v0.4.0
   Compiling tokio-util v0.7.19
   Compiling oxc_ast v0.130.0
   Compiling itertools v0.15.0
   Compiling crossbeam-channel v0.5.17
   Compiling chrono v0.4.45
   Compiling winnow v1.0.4
   Compiling tower-service v0.3.3
   Compiling ra_ap_edition v0.0.349
   Compiling rmcp v3.5.0
   Compiling countme v3.0.1
   Compiling dyn-clone v1.0.20
   Compiling rustc-literal-escaper v0.0.7
   Compiling sync_wrapper v1.0.2
   Compiling tower-layer v0.3.3
   Compiling text-size v1.1.1
   Compiling drop_bomb v0.1.5
   Compiling winnow v0.7.15
   Compiling jod-thread v1.0.0
   Compiling linux-raw-sys v0.12.1
   Compiling adler2 v2.0.1
   Compiling miniz_oxide v0.9.1
   Compiling ra_ap_parser v0.0.349
   Compiling ra_ap_stdx v0.0.349
   Compiling rowan v0.17.0
   Compiling tower v0.5.3
   Compiling schemars v1.2.1
   Compiling toml_parser v1.1.3+spec-1.1.0
   Compiling oxc_ecmascript v0.130.0
   Compiling uuid v1.26.0
   Compiling dashmap v6.2.1
   Compiling rustpython-ast v0.4.0
   Compiling ls-types v0.0.6
   Compiling unic-emoji-char v0.9.0
   Compiling unic-ucd-ident v0.9.0
   Compiling itertools v0.11.0
   Compiling toml_datetime v1.1.1+spec-1.1.0
   Compiling serde_spanned v1.1.1
   Compiling smol_str v0.3.6
   Compiling triomphe v0.1.16
   Compiling pastey v0.2.3
   Compiling toml_writer v1.1.2+spec-1.1.0
   Compiling seq-macro v0.3.6
   Compiling lalrpop-util v0.20.2
   Compiling bumpalo v3.20.3
   Compiling zlib-rs v0.6.8
   Compiling ripr v0.11.0 (/workspace/issue7158-process-repair/crates/ripr)
   Compiling flate2 v1.1.10
   Compiling zopfli v0.8.3
   Compiling tower-lsp-server v0.23.0
   Compiling oxc_parser v0.130.0
   Compiling toml v1.1.6+spec-1.1.0
   Compiling ra_ap_syntax v0.0.349
   Compiling rayon v1.12.0
   Compiling xattr v1.6.1
   Compiling filetime v0.2.29
   Compiling fs2 v0.4.3
   Compiling typed-path v0.12.3
   Compiling zip v8.6.0
   Compiling tar v0.4.46
   Compiling repo-policy v0.1.0 (/workspace/issue7158-process-repair/tools/repo-policy)
   Compiling xtask v0.1.0 (/workspace/issue7158-process-repair/xtask)
    Finished `dev` profile [unoptimized + debuginfo] target(s) in 6m 15s
