warning: method `symmetric_difference` is never used
   --> regex-syntax/src/hir/interval.rs:423:8
    |
335 | pub trait Interval:
    |           -------- method in this trait
...
423 |     fn symmetric_difference(
    |        ^^^^^^^^^^^^^^^^^^^^
    |
    = note: `#[warn(dead_code)]` (part of `#[warn(unused)]`) on by default

warning: call to `.borrow()` on a reference in this situation does nothing
   --> regex-syntax/src/ast/parse.rs:379:21
    |
379 |         self.pattern.borrow()
    |                     ^^^^^^^^^ help: remove this redundant call
    |
    = note: the type `str` does not implement `Borrow`, so calling `borrow` on `&str` copies the reference, which does not do anything and can be removed
    = note: `#[warn(noop_method_call)]` on by default

warning: `regex-syntax` (lib test) generated 2 warnings (run `cargo fix --lib -p regex-syntax --tests` to apply 1 suggestion)
    Finished `test` profile [unoptimized + debuginfo] target(s) in 0.01s
     Running unittests src/lib.rs (/workspace/shared/ripr-regex-case-evidence/native-experiment/build/debug/deps/regex_syntax-01ddbc8b65b6541b)
